// Jest Snapshot v1, https://goo.gl/fbAQLP

exports[`TopBar should match snapshot 1`] = `
<div
  className="TopBar"
>
  <WithStyles(AppBar)
    position="static"
  >
    <WithStyles(Toolbar)>
      <WithStyles(Typography)
        className="flex"
        color="inherit"
        variant="title"
      >
        someTitle
      </WithStyles(Typography)>
      <Component
        setUserHandler={[MockFunction]}
      />
    </WithStyles(Toolbar)>
  </WithStyles(AppBar)>
</div>
`;
